// Vitest Snapshot v1

exports[`add > "ap" 1`] = `"ap"`;

exports[`add 1`] = `"ap"`;
